<div class="first sm:first second third fourth group-focus:fifth last"></div>